
> firebase-antigravity@0.1.0 build
> next build

  Ôû▓ Next.js 14.2.0

   Creating an optimized production build ...
node.exe : Failed to 
compile.
En línea: 1 Carácter: 1
+ & "C:\Program 
Files\nodejs/node.exe" 
"C:\Program 
Files\nodejs/node_mo 
...
+ ~~~~~~~~~~~~~~~~~~~~~
~~~~~~~~~~~~~~~~~~~~~~~
~~~~~~~~~~~~~~~~~~~~~~~
~~
    + CategoryInfo     
         : NotSpecifi  
  ed: (Failed to com   
 pile.:String) [],     
RemoteException
    + FullyQualifiedEr 
   rorId : NativeComm  
  andError
 

./app/(app)/archives/co
mponents/add-archive-di
alog.tsx
Module not found: 
Can't resolve '@hookfor
m/resolvers/zod'

https://nextjs.org/docs
/messages/module-not-fo
und

Import trace for 
requested module:
./app/(app)/replacement
s/page.tsx

./app/(app)/archives/co
mponents/edit-archive-d
ialog.tsx
Module not found: 
Can't resolve '@hookfor
m/resolvers/zod'

https://nextjs.org/docs
/messages/module-not-fo
und

Import trace for 
requested module:
./app/(app)/archives/co
mponents/archives-list.
tsx
./app/(app)/replacement
s/page.tsx

./app/(app)/birthdays/c
omponents/add-birthday-
dialog.tsx
Module not found: 
Can't resolve '@hookfor
m/resolvers/zod'

https://nextjs.org/docs
/messages/module-not-fo
und

Import trace for 
requested module:
./app/(app)/birthdays/p
age.tsx

./app/(app)/birthdays/c
omponents/bulk-upload-b
irthdays-sheet.tsx
Module not found: 
Can't resolve 'xlsx'

https://nextjs.org/docs
/messages/module-not-fo
und

Import trace for 
requested module:
./app/(app)/birthdays/p
age.tsx

./app/(app)/birthdays/c
omponents/edit-birthday
-dialog.tsx
Module not found: 
Can't resolve '@hookfor
m/resolvers/zod'

https://nextjs.org/docs
/messages/module-not-fo
und

Import trace for 
requested module:
./app/(app)/birthdays/p
age.tsx


> Build failed because 
of webpack errors
